// Jest Snapshot v1, https://goo.gl/fbAQLP

exports[`Controlpanel renders a controlpanel component 1`] = `
<div
  id="page-controlpanel"
>
  <div
    className="ui container"
  >
    <div
      style={
        Object {
          "marginBottom": "10px",
        }
      }
    >
      <div
        id="form"
      />
    </div>
  </div>
  <div
    id="Portal"
  />
</div>
`;
