// Jest Snapshot v1, https://goo.gl/fbAQLP

exports[`Contents renders a folder contents view component 1`] = `null`;
