// Jest Snapshot v1, https://goo.gl/fbAQLP

exports[`Multilingual Logo renders a logo component with multilingual 1`] = `
<a
  className={null}
  href="http://localhost:3000/en"
  rel="noopener noreferrer"
  target="_blank"
  title="site title english"
>
  <img
    alt="site title english"
    className="ui image"
    src="Logo.svg"
    title="site title english"
  />
</a>
`;
