// Jest Snapshot v1, https://goo.gl/fbAQLP

exports[`Logo renders a logo component 1`] = `
<a
  className={null}
  href="/"
  onClick={[Function]}
  target={null}
  title="My site"
>
  <img
    alt="My site"
    className="ui image"
    src="Logo.svg"
    title="My site"
  />
</a>
`;
