// Jest Snapshot v1, https://goo.gl/fbAQLP

exports[`renders an gallery view component 1`] = `
<div
  className="ui container view-wrapper"
>
  <article
    id="content"
  >
    <header>
      <h1
        className="documentFirstHeading"
      >
        Hello World!
      </h1>
      <p
        className="documentDescription"
      >
        Hi
      </p>
    </header>
    <section
      id="content-core"
    >
      <div
        className="ui doubling stackable four column grid"
      >
        <div
          className="column"
          onBlur={[Function]}
          onClick={[Function]}
          onFocus={[Function]}
          onMouseEnter={[Function]}
          onMouseLeave={[Function]}
        >
          <div
            className="ui segment imageborder"
          >
            <picture
              className="volto-image"
            >
              <img
                alt=""
                loading="lazy"
                onClick={[Function]}
                role="img"
                src="http://localhost:3000/news"
                style={
                  Object {
                    "objectFit": "cover",
                    "width": "100%",
                  }
                }
                verticalAlign="middle"
              />
            </picture>
            <noscript
              dangerouslySetInnerHTML={
                Object {
                  "__html": "
              <img
                src=\\"http://localhost:3000/news\\"
                undefined
                alt=\\"\\"
                class=\\"\\"
                role=\\"img\\"
                loading=\\"lazy\\"
                style=\\"width: 100%; object-fit: cover;\\"
            ",
                }
              }
            />
          </div>
        </div>
        <div
          className="column"
          onBlur={[Function]}
          onClick={[Function]}
          onFocus={[Function]}
          onMouseEnter={[Function]}
          onMouseLeave={[Function]}
        >
          <div
            className="ui segment imageborder"
          >
            <picture
              className="volto-image"
            >
              <img
                alt=""
                loading="lazy"
                onClick={[Function]}
                role="img"
                src="http://localhost:3000/events"
                style={
                  Object {
                    "objectFit": "cover",
                    "width": "100%",
                  }
                }
                verticalAlign="middle"
              />
            </picture>
            <noscript
              dangerouslySetInnerHTML={
                Object {
                  "__html": "
              <img
                src=\\"http://localhost:3000/events\\"
                undefined
                alt=\\"\\"
                class=\\"\\"
                role=\\"img\\"
                loading=\\"lazy\\"
                style=\\"width: 100%; object-fit: cover;\\"
            ",
                }
              }
            />
          </div>
        </div>
      </div>
    </section>
  </article>
</div>
`;
