// Jest Snapshot v1, https://goo.gl/fbAQLP

exports[`renders an image view component 1`] = `
<div
  className="ui container view-wrapper"
>
  <h1
    className="documentFirstHeading"
  >
    Hello World!
  </h1>
  <p
    className="documentDescription"
  >
    Hi
  </p>
  <a
    href="/test-images/@@images/image"
  >
    <picture
      className="volto-image responsive"
    >
      <img
        alt="Hello World!"
        role="img"
        src="http://localhost:8080/Plone/test-images/@@images/image/listing"
        style={
          Object {
            "aspect-ratio": "NaN",
          }
        }
      />
    </picture>
    <noscript
      dangerouslySetInnerHTML={
        Object {
          "__html": "
              <img
                src=\\"http://localhost:8080/Plone/test-images/@@images/image/listing\\"
                srcset=\\"/test-images/@@images/image/listing 16w, /test-images/@@images/image/icon 32w, /test-images/@@images/image/tile 64w, /test-images/@@images/image/thumb 128w, /test-images/@@images/image/mini 200w, /test-images/@@images/image/preview 400w, /test-images/@@images/image/large 768w\\"
                alt=\\"Hello World!\\"
                class=\\"\\"
                role=\\"img\\"
                
                                         
                loading=\\"lazy\\"               
            ",
        }
      }
    />
    <figcaption>
      Size: 123 kB
        —  
      Click to download full sized image
    </figcaption>
  </a>
</div>
`;
