// Jest Snapshot v1, https://goo.gl/fbAQLP

exports[`TabularView renders a summary view component 1`] = `
<div
  className="ui container view-wrapper"
>
  <article
    id="content"
  >
    <header>
      <h1
        className="documentFirstHeading"
      >
        Hello World!
      </h1>
      <p
        className="documentDescription"
      >
        Hi
      </p>
    </header>
    <section
      id="content-core"
    >
      <article>
        <h2>
          <a
            href="/item"
            onClick={[Function]}
            title="News Item"
          >
            My item
          </a>
        </h2>
        <picture
          className="volto-image floated right thumb responsive"
        >
          <img
            alt=""
            role="img"
            src="http://localhost:3000/my-item"
            style={null}
          />
        </picture>
        <noscript
          dangerouslySetInnerHTML={
            Object {
              "__html": "
              <img
                src=\\"http://localhost:3000/my-item\\"
                undefined
                alt=\\"\\"
                class=\\"\\"
                role=\\"img\\"
                
                                         
                loading=\\"lazy\\"               
            ",
            }
          }
        />
        <p>
          My item description
        </p>
        <p>
          <a
            href="/item"
            onClick={[Function]}
          >
            Read Moreâ€¦
          </a>
        </p>
      </article>
    </section>
  </article>
</div>
`;
