// Jest Snapshot v1, https://goo.gl/fbAQLP

exports[`renders a view hero component 1`] = `
<div
  className="block hero"
>
  <div
    className="block-inner-wrapper"
  >
    <picture
      className="volto-image responsive"
    >
      <img
        alt=""
        className="hero-image"
        role="img"
        src="/heroimage.jpg/@@images/image/listing"
        style={null}
      />
    </picture>
    <noscript
      dangerouslySetInnerHTML={
        Object {
          "__html": "
              <img
                src=\\"/heroimage.jpg/@@images/image/listing\\"
                srcset=\\"/heroimage.jpg/@@images/image/listing 16w, /heroimage.jpg/@@images/image/icon 32w, /heroimage.jpg/@@images/image/tile 64w, /heroimage.jpg/@@images/image/thumb 128w, /heroimage.jpg/@@images/image/mini 200w, /heroimage.jpg/@@images/image/preview 400w, /heroimage.jpg/@@images/image/large 768w\\"
                alt=\\"\\"
                class=\\"hero-image\\"
                role=\\"img\\"
                
                                         
                loading=\\"lazy\\"               
            ",
        }
      }
    />
    <div
      className="hero-body"
    >
      <div
        className="hero-text"
      />
    </div>
  </div>
</div>
`;
