// Jest Snapshot v1, https://goo.gl/fbAQLP

exports[`UsersControlpanelUser renders a UsersControlpanelUser component 1`] = `
<tr
  className=""
>
  <td
    className=""
  >
    <svg
      className="icon"
      dangerouslySetInnerHTML={
        Object {
          "__html": undefined,
        }
      }
      onClick={[Function]}
      style={
        Object {
          "fill": "#826a6a",
          "height": "24px",
          "width": "auto",
        }
      }
      viewBox=""
      xmlns=""
    />
  </td>
  <td
    className="fullname"
  >
    Test User
  </td>
  <td
    className=""
  >
    <svg
      className="icon"
      dangerouslySetInnerHTML={
        Object {
          "__html": undefined,
        }
      }
      onClick={[Function]}
      style={
        Object {
          "fill": "#007eb1",
          "height": "24px",
          "width": "auto",
        }
      }
      viewBox=""
      xmlns=""
    />
  </td>
  <td
    className=""
  >
    <svg
      className="icon"
      dangerouslySetInnerHTML={
        Object {
          "__html": undefined,
        }
      }
      onClick={[Function]}
      style={
        Object {
          "fill": "#826a6a",
          "height": "24px",
          "width": "auto",
        }
      }
      viewBox=""
      xmlns=""
    />
  </td>
  <td
    className=""
  >
    <svg
      className="icon"
      dangerouslySetInnerHTML={
        Object {
          "__html": undefined,
        }
      }
      onClick={[Function]}
      style={
        Object {
          "fill": "#826a6a",
          "height": "24px",
          "width": "auto",
        }
      }
      viewBox=""
      xmlns=""
    />
  </td>
</tr>
`;
