// Jest Snapshot v1, https://goo.gl/fbAQLP

exports[`Comments renders a comments component 1`] = `null`;
