// Jest Snapshot v1, https://goo.gl/fbAQLP

exports[`Allow override of blocksConfig 1`] = `
<div>
  <div
    class="blocks-form"
  >
    <fieldset
      class="invisible"
    />
  </div>
</div>
`;
