// Jest Snapshot v1, https://goo.gl/fbAQLP

exports[`renders an edit Lead Image block component 1`] = `
<div
  className="block image align center"
>
  <picture
    className="volto-image responsive"
  >
    <source
      sizes="100vw"
      srcSet={
        Array [
          "image.png 400w",
        ]
      }
    />
    <img
      alt=""
      className=""
      height={400}
      role="img"
      src="image.png"
      width={400}
    />
  </picture>
</div>
`;
