// Jest Snapshot v1, https://goo.gl/fbAQLP

exports[`renders a view image component 1`] = `
<p
  className="block image align center"
>
  <picture
    className="volto-image responsive"
  >
    <img
      alt=""
      className=""
      role="img"
      src="http://localhost:8080/Plone/test-images/@@images/image/listing"
      style={null}
    />
  </picture>
  <noscript
    dangerouslySetInnerHTML={
      Object {
        "__html": "
              <img
                src=\\"http://localhost:8080/Plone/test-images/@@images/image/listing\\"
                srcset=\\"/test-images/@@images/image/listing 16w, /test-images/@@images/image/icon 32w, /test-images/@@images/image/tile 64w, /test-images/@@images/image/thumb 128w, /test-images/@@images/image/mini 200w, /test-images/@@images/image/preview 400w, /test-images/@@images/image/large 768w\\"
                alt=\\"\\"
                class=\\"\\"
                role=\\"img\\"
                
                                         
                loading=\\"lazy\\"               
            ",
      }
    }
  />
</p>
`;
